multipleCallTargets
| main.rs:124:9:124:11 | f(...) |
| proc_macro.rs:9:5:9:10 | ...::new(...) |
